// Jest Snapshot v1, https://goo.gl/fbAQLP

exports[`<Footer /> matches snapshot 1`] = `
<footer
  className="StyledBox-sc-13pk1d4-0 geXiFF"
  style={
    Object {
      "zIndex": "1",
    }
  }
>
  <span
    className="StyledText-sc-1sadyjn-0 hHMdEY"
    size="small"
  >
    Â© 
    2019
     certish. All rights reserved.
  </span>
  <div
    className="StyledText-sc-1sadyjn-0 kDFtZn"
    size="small"
  >
    <a
      className="StyledAnchor-sc-1rp7lwl-0 gMEZTg"
      onBlur={[Function]}
      onClick={[Function]}
      onFocus={[Function]}
      onMouseEnter={[Function]}
    >
      Privacy
    </a>
    |
    <a
      className="StyledAnchor-sc-1rp7lwl-0 gMEZTg"
      onBlur={[Function]}
      onClick={[Function]}
      onFocus={[Function]}
      onMouseEnter={[Function]}
    >
      Terms
    </a>
    |
    <a
      className="StyledAnchor-sc-1rp7lwl-0 gMEZTg"
      onBlur={[Function]}
      onClick={[Function]}
      onFocus={[Function]}
      onMouseEnter={[Function]}
    >
      GitHub
    </a>
  </div>
</footer>
`;
