// Jest Snapshot v1, https://goo.gl/fbAQLP

exports[`<Header /> matches snapshot 1`] = `
<header
  className="StyledBox-sc-13pk1d4-0 dCOQVC"
  style={
    Object {
      "zIndex": "1",
    }
  }
>
  <a
    alt="certish"
    className="StyledAnchor-sc-1rp7lwl-0 jgeOSx"
    onBlur={[Function]}
    onClick={[Function]}
    onFocus={[Function]}
    onMouseEnter={[Function]}
  >
    <img
      className="StyledImage-ey4zx9-0 fmkmCl"
      height="32"
      src="/static/img/logo.svg"
    />
  </a>
  <nav
    className="StyledBox-sc-13pk1d4-0 jFuDqS"
  >
    <a
      className="StyledAnchor-sc-1rp7lwl-0 gEzLhl"
      onBlur={[Function]}
      onClick={[Function]}
      onFocus={[Function]}
      onMouseEnter={[Function]}
    >
      Sign
    </a>
    <a
      className="StyledAnchor-sc-1rp7lwl-0 gEzLhl"
      onBlur={[Function]}
      onClick={[Function]}
      onFocus={[Function]}
      onMouseEnter={[Function]}
    >
      Verify
    </a>
    <a
      className="StyledAnchor-sc-1rp7lwl-0 gEzLhl"
      onBlur={[Function]}
      onClick={[Function]}
      onFocus={[Function]}
      onMouseEnter={[Function]}
    >
      Me
    </a>
  </nav>
</header>
`;
