// Jest Snapshot v1, https://goo.gl/fbAQLP

exports[`/me matches snapshot 1`] = `
<div
  className="StyledBox-sc-13pk1d4-0 IRSNj"
>
  <h1
    className="StyledHeading-sc-1rdh4aw-0 bHoSRH"
  >
    Me
  </h1>
  <h2
    className="StyledHeading-sc-1rdh4aw-0 coNXVV"
  >
    Signatures
  </h2>
</div>
`;
